*** EVALUATION ***
PROGRAM "C:\Users\mitpeter\Documents\GitHub\ECE-362\Final_Project\bin\Project.abs"

*********************************************************************************************
TARGET SECTION
---------------------------------------------------------------------------------------------
Processor   : Freescale HC12
Memory Model: SMALL
File Format : ELF\DWARF 2.0
Linker      : SmartLinker V-5.0.40 Build 10203, Jul 23 2010

*********************************************************************************************
FILE SECTION
---------------------------------------------------------------------------------------------
main.asm.o                              Model: SMALL,         Lang: Assembler
lcddisp.c.o                             Model: SMALL,         Lang: ANSI-C
mc9s12e128.c.o                          Model: SMALL,         Lang: ANSI-C
potentiometer.c.o                       Model: SMALL,         Lang: ANSI-C
SendsChr.c.o                            Model: SMALL,         Lang: ANSI-C
strings.asm.o                           Model: SMALL,         Lang: Assembler
interrupt.asm.o                         Model: SMALL,         Lang: Assembler
date.asm.o                              Model: SMALL,         Lang: Assembler
time.asm.o                              Model: SMALL,         Lang: Assembler
debounce.asm.o                          Model: SMALL,         Lang: Assembler
keypad_input.asm.o                      Model: SMALL,         Lang: Assembler
sound.asm.o                             Model: SMALL,         Lang: Assembler
Control_Menu.asm.o                      Model: SMALL,         Lang: Assembler
Functions.asm.o                         Model: SMALL,         Lang: Assembler
PassWord.asm.o                          Model: SMALL,         Lang: Assembler
PassWordVerify.asm.o                    Model: SMALL,         Lang: Assembler
User_name.asm.o                         Model: SMALL,         Lang: Assembler
Create_Password.asm.o                   Model: SMALL,         Lang: Assembler
Create_Username.asm.o                   Model: SMALL,         Lang: Assembler
Default_String_Display.asm.o            Model: SMALL,         Lang: Assembler
Compare_Strings.asm.o                   Model: SMALL,         Lang: Assembler
Re_enter_Username.asm.o                 Model: SMALL,         Lang: Assembler
switch_input.asm.o                      Model: SMALL,         Lang: Assembler
Emergency_Shutoff.asm.o                 Model: SMALL,         Lang: Assembler
push-butt.asm.o                         Model: SMALL,         Lang: Assembler
PotPower.asm.o                          Model: SMALL,         Lang: Assembler
CoalFill.asm.o                          Model: SMALL,         Lang: Assembler
Coal_Use.asm.o                          Model: SMALL,         Lang: Assembler
Stepper_Int.asm.o                       Model: SMALL,         Lang: Assembler
song_int.asm.o                          Model: SMALL,         Lang: Assembler
PassWordVerify2.asm.o                   Model: SMALL,         Lang: Assembler
Create_Username2.asm.o                  Model: SMALL,         Lang: Assembler
Change_Password.asm.o                   Model: SMALL,         Lang: Assembler
LED.asm.o                               Model: SMALL,         Lang: Assembler

*********************************************************************************************
STARTUP SECTION
---------------------------------------------------------------------------------------------
Entry point: 0xC000 (Entry)

*********************************************************************************************
SECTION-ALLOCATION SECTION
Section Name                    Size  Type     From       To       Segment
---------------------------------------------------------------------------------------------
.init                            654     R     0xC000     0xC28D   ROM_C000
NON_BANKED                       301     R     0xC28E     0xC3BA   ROM_C000
.stack                           256   R/W      0x400      0x4FF   RAM
.abs_section_8                     1   N/I        0x8        0x8   .absSeg0
.abs_section_9                     1   N/I        0x9        0x9   .absSeg1
.abs_section_a                     1   N/I        0xA        0xA   .absSeg2
.abs_section_b                     1   N/I        0xB        0xB   .absSeg3
.abs_section_c                     1   N/I        0xC        0xC   .absSeg4
.abs_section_d                     1   N/I        0xD        0xD   .absSeg5
.abs_section_e                     1   N/I        0xE        0xE   .absSeg6
.abs_section_10                    1   N/I       0x10       0x10   .absSeg7
.abs_section_11                    1   N/I       0x11       0x11   .absSeg8
.abs_section_13                    1   N/I       0x13       0x13   .absSeg9
.abs_section_15                    1   N/I       0x15       0x15   .absSeg10
.abs_section_16                    1   N/I       0x16       0x16   .absSeg11
.abs_section_19                    1   N/I       0x19       0x19   .absSeg12
.abs_section_1c                    1   N/I       0x1C       0x1C   .absSeg13
.abs_section_1d                    1   N/I       0x1D       0x1D   .absSeg14
.abs_section_1e                    1   N/I       0x1E       0x1E   .absSeg15
.abs_section_1f                    1   N/I       0x1F       0x1F   .absSeg16
.abs_section_20                    1   N/I       0x20       0x20   .absSeg17
.abs_section_21                    1   N/I       0x21       0x21   .absSeg18
.abs_section_24                    1   N/I       0x24       0x24   .absSeg19
.abs_section_25                    1   N/I       0x25       0x25   .absSeg20
.abs_section_28                    1   N/I       0x28       0x28   .absSeg21
.abs_section_29                    1   N/I       0x29       0x29   .absSeg22
.abs_section_2a                    1   N/I       0x2A       0x2A   .absSeg23
.abs_section_2d                    1   N/I       0x2D       0x2D   .absSeg24
.abs_section_30                    1   N/I       0x30       0x30   .absSeg25
.abs_section_32                    1   N/I       0x32       0x32   .absSeg26
.abs_section_33                    1   N/I       0x33       0x33   .absSeg27
.abs_section_34                    1   N/I       0x34       0x34   .absSeg28
.abs_section_35                    1   N/I       0x35       0x35   .absSeg29
.abs_section_37                    1   N/I       0x37       0x37   .absSeg30
.abs_section_38                    1   N/I       0x38       0x38   .absSeg31
.abs_section_39                    1   N/I       0x39       0x39   .absSeg32
.abs_section_3a                    1   N/I       0x3A       0x3A   .absSeg33
.abs_section_3b                    1   N/I       0x3B       0x3B   .absSeg34
.abs_section_3c                    1   N/I       0x3C       0x3C   .absSeg35
.abs_section_3f                    1   N/I       0x3F       0x3F   .absSeg36
.abs_section_40                    1   N/I       0x40       0x40   .absSeg37
.abs_section_41                    1   N/I       0x41       0x41   .absSeg38
.abs_section_42                    1   N/I       0x42       0x42   .absSeg39
.abs_section_43                    1   N/I       0x43       0x43   .absSeg40
.abs_section_46                    1   N/I       0x46       0x46   .absSeg41
.abs_section_47                    1   N/I       0x47       0x47   .absSeg42
.abs_section_48                    1   N/I       0x48       0x48   .absSeg43
.abs_section_4a                    1   N/I       0x4A       0x4A   .absSeg44
.abs_section_4c                    1   N/I       0x4C       0x4C   .absSeg45
.abs_section_4d                    1   N/I       0x4D       0x4D   .absSeg46
.abs_section_4e                    1   N/I       0x4E       0x4E   .absSeg47
.abs_section_4f                    1   N/I       0x4F       0x4F   .absSeg48
.abs_section_60                    1   N/I       0x60       0x60   .absSeg49
.abs_section_61                    1   N/I       0x61       0x61   .absSeg50
.abs_section_86                    1   N/I       0x86       0x86   .absSeg51
.abs_section_89                    1   N/I       0x89       0x89   .absSeg52
.abs_section_8a                    1   N/I       0x8A       0x8A   .absSeg53
.abs_section_8b                    1   N/I       0x8B       0x8B   .absSeg54
.abs_section_8e                    1   N/I       0x8E       0x8E   .absSeg55
.abs_section_8f                    1   N/I       0x8F       0x8F   .absSeg56
.abs_section_ca                    1   N/I       0xCA       0xCA   .absSeg57
.abs_section_cb                    1   N/I       0xCB       0xCB   .absSeg58
.abs_section_cc                    1   N/I       0xCC       0xCC   .absSeg59
.abs_section_cd                    1   N/I       0xCD       0xCD   .absSeg60
.abs_section_ce                    1   N/I       0xCE       0xCE   .absSeg61
.abs_section_cf                    1   N/I       0xCF       0xCF   .absSeg62
.abs_section_d2                    1   N/I       0xD2       0xD2   .absSeg63
.abs_section_d3                    1   N/I       0xD3       0xD3   .absSeg64
.abs_section_d4                    1   N/I       0xD4       0xD4   .absSeg65
.abs_section_d5                    1   N/I       0xD5       0xD5   .absSeg66
.abs_section_d6                    1   N/I       0xD6       0xD6   .absSeg67
.abs_section_d7                    1   N/I       0xD7       0xD7   .absSeg68
.abs_section_d8                    1   N/I       0xD8       0xD8   .absSeg69
.abs_section_d9                    1   N/I       0xD9       0xD9   .absSeg70
.abs_section_da                    1   N/I       0xDA       0xDA   .absSeg71
.abs_section_db                    1   N/I       0xDB       0xDB   .absSeg72
.abs_section_dd                    1   N/I       0xDD       0xDD   .absSeg73
.abs_section_e0                    1   N/I       0xE0       0xE0   .absSeg74
.abs_section_e1                    1   N/I       0xE1       0xE1   .absSeg75
.abs_section_e2                    1   N/I       0xE2       0xE2   .absSeg76
.abs_section_e3                    1   N/I       0xE3       0xE3   .absSeg77
.abs_section_e4                    1   N/I       0xE4       0xE4   .absSeg78
.abs_section_ea                    1   N/I       0xEA       0xEA   .absSeg79
.abs_section_eb                    1   N/I       0xEB       0xEB   .absSeg80
.abs_section_ec                    1   N/I       0xEC       0xEC   .absSeg81
.abs_section_ed                    1   N/I       0xED       0xED   .absSeg82
.abs_section_ee                    1   N/I       0xEE       0xEE   .absSeg83
.abs_section_ef                    1   N/I       0xEF       0xEF   .absSeg84
.abs_section_f0                    1   N/I       0xF0       0xF0   .absSeg85
.abs_section_f2                    1   N/I       0xF2       0xF2   .absSeg86
.abs_section_f3                    1   N/I       0xF3       0xF3   .absSeg87
.abs_section_f4                    1   N/I       0xF4       0xF4   .absSeg88
.abs_section_f6                    1   N/I       0xF6       0xF6   .absSeg89
.abs_section_f7                    1   N/I       0xF7       0xF7   .absSeg90
.abs_section_100                   1   N/I      0x100      0x100   .absSeg91
.abs_section_101                   1   N/I      0x101      0x101   .absSeg92
.abs_section_103                   1   N/I      0x103      0x103   .absSeg93
.abs_section_104                   1   N/I      0x104      0x104   .absSeg94
.abs_section_105                   1   N/I      0x105      0x105   .absSeg95
.abs_section_106                   1   N/I      0x106      0x106   .absSeg96
.abs_section_140                   1   N/I      0x140      0x140   .absSeg97
.abs_section_141                   1   N/I      0x141      0x141   .absSeg98
.abs_section_142                   1   N/I      0x142      0x142   .absSeg99
.abs_section_143                   1   N/I      0x143      0x143   .absSeg100
.abs_section_146                   1   N/I      0x146      0x146   .absSeg101
.abs_section_147                   1   N/I      0x147      0x147   .absSeg102
.abs_section_148                   1   N/I      0x148      0x148   .absSeg103
.abs_section_14a                   1   N/I      0x14A      0x14A   .absSeg104
.abs_section_14c                   1   N/I      0x14C      0x14C   .absSeg105
.abs_section_14d                   1   N/I      0x14D      0x14D   .absSeg106
.abs_section_14e                   1   N/I      0x14E      0x14E   .absSeg107
.abs_section_14f                   1   N/I      0x14F      0x14F   .absSeg108
.abs_section_160                   1   N/I      0x160      0x160   .absSeg109
.abs_section_161                   1   N/I      0x161      0x161   .absSeg110
.abs_section_180                   1   N/I      0x180      0x180   .absSeg111
.abs_section_181                   1   N/I      0x181      0x181   .absSeg112
.abs_section_182                   1   N/I      0x182      0x182   .absSeg113
.abs_section_183                   1   N/I      0x183      0x183   .absSeg114
.abs_section_186                   1   N/I      0x186      0x186   .absSeg115
.abs_section_187                   1   N/I      0x187      0x187   .absSeg116
.abs_section_188                   1   N/I      0x188      0x188   .absSeg117
.abs_section_18a                   1   N/I      0x18A      0x18A   .absSeg118
.abs_section_18c                   1   N/I      0x18C      0x18C   .absSeg119
.abs_section_18d                   1   N/I      0x18D      0x18D   .absSeg120
.abs_section_18e                   1   N/I      0x18E      0x18E   .absSeg121
.abs_section_18f                   1   N/I      0x18F      0x18F   .absSeg122
.abs_section_1a0                   1   N/I      0x1A0      0x1A0   .absSeg123
.abs_section_1a1                   1   N/I      0x1A1      0x1A1   .absSeg124
.abs_section_1e0                   1   N/I      0x1E0      0x1E0   .absSeg125
.abs_section_1e1                   1   N/I      0x1E1      0x1E1   .absSeg126
.abs_section_1e2                   1   N/I      0x1E2      0x1E2   .absSeg127
.abs_section_1e3                   1   N/I      0x1E3      0x1E3   .absSeg128
.abs_section_1e4                   1   N/I      0x1E4      0x1E4   .absSeg129
.abs_section_1e5                   1   N/I      0x1E5      0x1E5   .absSeg130
.abs_section_1e8                   1   N/I      0x1E8      0x1E8   .absSeg131
.abs_section_1e9                   1   N/I      0x1E9      0x1E9   .absSeg132
.abs_section_1fe                   1   N/I      0x1FE      0x1FE   .absSeg133
.abs_section_200                   1   N/I      0x200      0x200   .absSeg134
.abs_section_201                   1   N/I      0x201      0x201   .absSeg135
.abs_section_202                   1   N/I      0x202      0x202   .absSeg136
.abs_section_203                   1   N/I      0x203      0x203   .absSeg137
.abs_section_204                   1   N/I      0x204      0x204   .absSeg138
.abs_section_205                   1   N/I      0x205      0x205   .absSeg139
.abs_section_206                   1   N/I      0x206      0x206   .absSeg140
.abs_section_207                   1   N/I      0x207      0x207   .absSeg141
.abs_section_208                   1   N/I      0x208      0x208   .absSeg142
.abs_section_209                   1   N/I      0x209      0x209   .absSeg143
.abs_section_20a                   1   N/I      0x20A      0x20A   .absSeg144
.abs_section_20c                   1   N/I      0x20C      0x20C   .absSeg145
.abs_section_20d                   1   N/I      0x20D      0x20D   .absSeg146
.abs_section_20e                   1   N/I      0x20E      0x20E   .absSeg147
.abs_section_20f                   1   N/I      0x20F      0x20F   .absSeg148
.abs_section_220                   1   N/I      0x220      0x220   .absSeg149
.abs_section_221                   1   N/I      0x221      0x221   .absSeg150
.abs_section_228                   1   N/I      0x228      0x228   .absSeg151
.abs_section_229                   1   N/I      0x229      0x229   .absSeg152
.abs_section_230                   1   N/I      0x230      0x230   .absSeg153
.abs_section_231                   1   N/I      0x231      0x231   .absSeg154
.abs_section_240                   1   N/I      0x240      0x240   .absSeg155
.abs_section_241                   1   N/I      0x241      0x241   .absSeg156
.abs_section_242                   1   N/I      0x242      0x242   .absSeg157
.abs_section_243                   1   N/I      0x243      0x243   .absSeg158
.abs_section_244                   1   N/I      0x244      0x244   .absSeg159
.abs_section_245                   1   N/I      0x245      0x245   .absSeg160
.abs_section_248                   1   N/I      0x248      0x248   .absSeg161
.abs_section_249                   1   N/I      0x249      0x249   .absSeg162
.abs_section_24a                   1   N/I      0x24A      0x24A   .absSeg163
.abs_section_24b                   1   N/I      0x24B      0x24B   .absSeg164
.abs_section_24c                   1   N/I      0x24C      0x24C   .absSeg165
.abs_section_24d                   1   N/I      0x24D      0x24D   .absSeg166
.abs_section_24e                   1   N/I      0x24E      0x24E   .absSeg167
.abs_section_250                   1   N/I      0x250      0x250   .absSeg168
.abs_section_251                   1   N/I      0x251      0x251   .absSeg169
.abs_section_252                   1   N/I      0x252      0x252   .absSeg170
.abs_section_253                   1   N/I      0x253      0x253   .absSeg171
.abs_section_254                   1   N/I      0x254      0x254   .absSeg172
.abs_section_255                   1   N/I      0x255      0x255   .absSeg173
.abs_section_256                   1   N/I      0x256      0x256   .absSeg174
.abs_section_258                   1   N/I      0x258      0x258   .absSeg175
.abs_section_259                   1   N/I      0x259      0x259   .absSeg176
.abs_section_25a                   1   N/I      0x25A      0x25A   .absSeg177
.abs_section_25b                   1   N/I      0x25B      0x25B   .absSeg178
.abs_section_25c                   1   N/I      0x25C      0x25C   .absSeg179
.abs_section_25d                   1   N/I      0x25D      0x25D   .absSeg180
.abs_section_260                   1   N/I      0x260      0x260   .absSeg181
.abs_section_261                   1   N/I      0x261      0x261   .absSeg182
.abs_section_262                   1   N/I      0x262      0x262   .absSeg183
.abs_section_263                   1   N/I      0x263      0x263   .absSeg184
.abs_section_264                   1   N/I      0x264      0x264   .absSeg185
.abs_section_265                   1   N/I      0x265      0x265   .absSeg186
.abs_section_268                   1   N/I      0x268      0x268   .absSeg187
.abs_section_269                   1   N/I      0x269      0x269   .absSeg188
.abs_section_26a                   1   N/I      0x26A      0x26A   .absSeg189
.abs_section_26b                   1   N/I      0x26B      0x26B   .absSeg190
.abs_section_26c                   1   N/I      0x26C      0x26C   .absSeg191
.abs_section_26d                   1   N/I      0x26D      0x26D   .absSeg192
.abs_section_26e                   1   N/I      0x26E      0x26E   .absSeg193
.abs_section_0                     2   N/I        0x0        0x1   .absSeg194
.abs_section_2                     2   N/I        0x2        0x3   .absSeg195
.abs_section_1a                    2   N/I       0x1A       0x1B   .absSeg196
.abs_section_22                    2   N/I       0x22       0x23   .absSeg197
.abs_section_26                    2   N/I       0x26       0x27   .absSeg198
.abs_section_2b                    2   N/I       0x2B       0x2C   .absSeg199
.abs_section_2e                    2   N/I       0x2E       0x2F   .absSeg200
.abs_section_44                    2   N/I       0x44       0x45   .absSeg201
.abs_section_58                    2   N/I       0x58       0x59   .absSeg202
.abs_section_5a                    2   N/I       0x5A       0x5B   .absSeg203
.abs_section_5c                    2   N/I       0x5C       0x5D   .absSeg204
.abs_section_5e                    2   N/I       0x5E       0x5F   .absSeg205
.abs_section_62                    2   N/I       0x62       0x63   .absSeg206
.abs_section_82                    2   N/I       0x82       0x83   .absSeg207
.abs_section_84                    2   N/I       0x84       0x85   .absSeg208
.abs_section_8c                    2   N/I       0x8C       0x8D   .absSeg209
.abs_section_90                    2   N/I       0x90       0x91   .absSeg210
.abs_section_92                    2   N/I       0x92       0x93   .absSeg211
.abs_section_94                    2   N/I       0x94       0x95   .absSeg212
.abs_section_96                    2   N/I       0x96       0x97   .absSeg213
.abs_section_98                    2   N/I       0x98       0x99   .absSeg214
.abs_section_9a                    2   N/I       0x9A       0x9B   .absSeg215
.abs_section_9c                    2   N/I       0x9C       0x9D   .absSeg216
.abs_section_9e                    2   N/I       0x9E       0x9F   .absSeg217
.abs_section_a0                    2   N/I       0xA0       0xA1   .absSeg218
.abs_section_a2                    2   N/I       0xA2       0xA3   .absSeg219
.abs_section_a4                    2   N/I       0xA4       0xA5   .absSeg220
.abs_section_a6                    2   N/I       0xA6       0xA7   .absSeg221
.abs_section_a8                    2   N/I       0xA8       0xA9   .absSeg222
.abs_section_aa                    2   N/I       0xAA       0xAB   .absSeg223
.abs_section_ac                    2   N/I       0xAC       0xAD   .absSeg224
.abs_section_ae                    2   N/I       0xAE       0xAF   .absSeg225
.abs_section_c8                    2   N/I       0xC8       0xC9   .absSeg226
.abs_section_d0                    2   N/I       0xD0       0xD1   .absSeg227
.abs_section_e8                    2   N/I       0xE8       0xE9   .absSeg228
.abs_section_144                   2   N/I      0x144      0x145   .absSeg229
.abs_section_158                   2   N/I      0x158      0x159   .absSeg230
.abs_section_15a                   2   N/I      0x15A      0x15B   .absSeg231
.abs_section_15c                   2   N/I      0x15C      0x15D   .absSeg232
.abs_section_15e                   2   N/I      0x15E      0x15F   .absSeg233
.abs_section_162                   2   N/I      0x162      0x163   .absSeg234
.abs_section_184                   2   N/I      0x184      0x185   .absSeg235
.abs_section_198                   2   N/I      0x198      0x199   .absSeg236
.abs_section_19a                   2   N/I      0x19A      0x19B   .absSeg237
.abs_section_19c                   2   N/I      0x19C      0x19D   .absSeg238
.abs_section_19e                   2   N/I      0x19E      0x19F   .absSeg239
.abs_section_1a2                   2   N/I      0x1A2      0x1A3   .absSeg240
.abs_section_1ec                   2   N/I      0x1EC      0x1ED   .absSeg241
.abs_section_1ee                   2   N/I      0x1EE      0x1EF   .absSeg242
.abs_section_1f0                   2   N/I      0x1F0      0x1F1   .absSeg243
.abs_section_1f2                   2   N/I      0x1F2      0x1F3   .absSeg244
.abs_section_1f4                   2   N/I      0x1F4      0x1F5   .absSeg245
.abs_section_1f6                   2   N/I      0x1F6      0x1F7   .absSeg246
.abs_section_1f8                   2   N/I      0x1F8      0x1F9   .absSeg247
.abs_section_1fa                   2   N/I      0x1FA      0x1FB   .absSeg248
.abs_section_1fc                   2   N/I      0x1FC      0x1FD   .absSeg249
.abs_section_210                   2   N/I      0x210      0x211   .absSeg250
.abs_section_212                   2   N/I      0x212      0x213   .absSeg251
.abs_section_214                   2   N/I      0x214      0x215   .absSeg252
.abs_section_216                   2   N/I      0x216      0x217   .absSeg253
.abs_section_218                   2   N/I      0x218      0x219   .absSeg254
.abs_section_21a                   2   N/I      0x21A      0x21B   .absSeg255
.abs_section_222                   2   N/I      0x222      0x223   .absSeg256
.abs_section_224                   2   N/I      0x224      0x225   .absSeg257
.abs_section_226                   2   N/I      0x226      0x227   .absSeg258
.abs_section_22a                   2   N/I      0x22A      0x22B   .absSeg259
.abs_section_22c                   2   N/I      0x22C      0x22D   .absSeg260
.abs_section_22e                   2   N/I      0x22E      0x22F   .absSeg261
.abs_section_232                   2   N/I      0x232      0x233   .absSeg262
.abs_section_234                   2   N/I      0x234      0x235   .absSeg263
.abs_section_236                   2   N/I      0x236      0x237   .absSeg264
.abs_section_270                   2   N/I      0x270      0x271   .absSeg265
.abs_section_272                   2   N/I      0x272      0x273   .absSeg266
.abs_section_274                   2   N/I      0x274      0x275   .absSeg267
.abs_section_276                   2   N/I      0x276      0x277   .absSeg268
.abs_section_278                   2   N/I      0x278      0x279   .absSeg269
.abs_section_27a                   2   N/I      0x27A      0x27B   .absSeg270
.abs_section_27c                   2   N/I      0x27C      0x27D   .absSeg271
.abs_section_27e                   2   N/I      0x27E      0x27F   .absSeg272
.bss                               6   R/W      0x500      0x505   RAM
MY_EXTENDED_ROM                   29     R     0xC3BB     0xC3D7   ROM_C000
MY_EXTENDED_RAM                  197   R/W      0x506      0x5CA   RAM
.common                            2   R/W      0x5CB      0x5CC   RAM
StringCode                      4271     R     0xC3D8     0xD486   ROM_C000
My_code                          157     R     0xD487     0xD523   ROM_C000
Highlight_section                508     R     0xD524     0xD71F   ROM_C000
debounce.asm._SEC000000            9     R     0xD720     0xD728   ROM_C000
KEY                              136     R     0xD729     0xD7B0   ROM_C000
MY_SONG                           94     R     0xD7B1     0xD80E   ROM_C000
Functions.asm._SEC000000         386     R     0xD80F     0xD990   ROM_C000
PassWord.asm._SEC000000          168     R     0xD991     0xDA38   ROM_C000
PassWordVerify.asm._SEC000000        171     R     0xDA39     0xDAE3   ROM_C000
User_name.asm._SEC000000         171     R     0xDAE4     0xDB8E   ROM_C000
Create_Password.asm._SEC000000         89     R     0xDB8F     0xDBE7   ROM_C000
Create_Username.asm._SEC000000         32     R     0xDBE8     0xDC07   ROM_C000
Default_String_Display.asm._SEC000000        170     R     0xDC08     0xDCB1   ROM_C000
Compare_Strings.asm._SEC000000        315     R     0xDCB2     0xDDEC   ROM_C000
Re_enter_Username.asm._SEC000000        171     R     0xDDED     0xDE97   ROM_C000
switch_input.asm._SEC000000        567     R     0xDE98     0xE0CE   ROM_C000
EmergShut                          9     R     0xE0CF     0xE0D7   ROM_C000
MY_CODE                          126     R     0xE0D8     0xE155   ROM_C000
PotPow                            20     R     0xE156     0xE169   ROM_C000
Coal                              68     R     0xE16A     0xE1AD   ROM_C000
Coal_Use.asm._SEC000000          181     R     0xE1AE     0xE262   ROM_C000
Stepper_Int.asm._SEC000000        136     R     0xE263     0xE2EA   ROM_C000
song_int.asm._SEC000000           27     R     0xE2EB     0xE305   ROM_C000
PassWordVerify2.asm._SEC000000        168     R     0xE306     0xE3AD   ROM_C000
Create_Username2.asm._SEC000000         32     R     0xE3AE     0xE3CD   ROM_C000
Change_Password.asm._SEC000000         63     R     0xE3CE     0xE40C   ROM_C000
LED.asm._SEC000000                44     R     0xE40D     0xE438   ROM_C000
.vectSeg273_vect                   4     R     0xFFF0     0xFFF3   .vectSeg273
.vectSeg274_vect                   2     R     0xFFFE     0xFFFF   .vectSeg274

Summary of section sizes per section type:
READ_ONLY (R):        243F (dec:     9279)
READ_WRITE (R/W):      1CD (dec:      461)
NO_INIT (N/I):         160 (dec:      352)

*********************************************************************************************
VECTOR-ALLOCATION SECTION
    Address     InitValue   InitFunction
---------------------------------------------------------------------------------------------
     0xFFF0        0xD487   RTI_ISR
     0xFFF2        0xE0CF   Emergency
     0xFFFE        0xC000   _Startup

*********************************************************************************************
OBJECT-ALLOCATION SECTION
     Name               Module                 Addr   hSize   dSize     Ref    Section   RLIB
---------------------------------------------------------------------------------------------
MODULE:                 -- main.asm.o --
- PROCEDURES:
     Entry                                     C000     10A     266       0   .init       
     _Startup                                  C000       0       0       0   .init       
     date_res                                  C10A      11      17       0   .init       
     time_res                                  C11B       F      15       0   .init       
     name_res                                  C12A      15      21       0   .init       
     pass_res                                  C13F       F      15       0   .init       
     passv_res                                 C14E       F      15       0   .init       
     passv_res4                                C15D       F      15       0   .init       
     name_resv                                 C16C       F      15       0   .init       
     gen_res                                   C17B      27      39       0   .init       
     SRTMSG1                                   C1A2      13      19       0   .init       
     SRTMSG2                                   C1B5      2F      47       0   .init       
     no_match                                  C1E4       3       3       0   .init       
     skip                                      C1E7      14      20       0   .init       
     go_back                                   C1FB       C      12       0   .init       
     CONMEN                                    C207      13      19       0   .init       
     CONMEN2                                   C21A       7       7       0   .init       
     FILL                                      C221       5       5       0   .init       
     PW_Verify                                 C226      20      32       1   .init       
     PW_Verify2                                C246      1F      31       1   .init       
     reset_pass_passv2                         C265       5       5       0   .init       
     skip3                                     C26A       5       5       0   .init       
     skip2                                     C26F       B      11       0   .init       
     prompt                                    C27A       E      14       1   .init       
     RSRTMSG2                                  C288       6       6       0   .init       
- VARIABLES:
     delay                                     C3BB       2       2       1   MY_EXTENDED_ROM
     keys                                      C3BD       4       4       0   MY_EXTENDED_ROM
     user_input                                 506       1       1       0   MY_EXTENDED_RAM
     disp                                       507      21      33     853   MY_EXTENDED_RAM
     start_f                                    528       1       1      40   MY_EXTENDED_RAM
     enter_f                                    529       1       1      27   MY_EXTENDED_RAM
     date_f                                     52A       1       1       0   MY_EXTENDED_RAM
     equal_f                                    52B       1       1      10   MY_EXTENDED_RAM
     check                                      52C       1       1       4   MY_EXTENDED_RAM
     switch_f                                   52D       1       1       5   MY_EXTENDED_RAM
     flag                                       52E       1       1       3   MY_EXTENDED_RAM
     choose                                     52F       1       1       2   MY_EXTENDED_RAM
     passflag                                   530       1       1       3   MY_EXTENDED_RAM
     homeflag                                   531       1       1       3   MY_EXTENDED_RAM
     syst_set_f                                 532       1       1      10   MY_EXTENDED_RAM
     screen_sel                                 533       1       1       1   MY_EXTENDED_RAM
     go_home                                    534       1       1      14   MY_EXTENDED_RAM
     command                                    535       1       1      42   MY_EXTENDED_RAM
     prev_val                                   536       1       1       3   MY_EXTENDED_RAM
     date                                       537       8       8      23   MY_EXTENDED_RAM
     time                                       53F       4       4      16   MY_EXTENDED_RAM
     name                                       543      10      16      25   MY_EXTENDED_RAM
     namev                                      553      10      16      27   MY_EXTENDED_RAM
     seloff                                     563       2       2      27   MY_EXTENDED_RAM
     LCD_timer1                                 565       2       2       5   MY_EXTENDED_RAM
     LCD_timer2                                 567       2       2       5   MY_EXTENDED_RAM
     sound_f                                    569       1       1       0   MY_EXTENDED_RAM
     gens1                                      56A       1       1       9   MY_EXTENDED_RAM
     gens2                                      56B       1       1       9   MY_EXTENDED_RAM
     gens3                                      56C       1       1       8   MY_EXTENDED_RAM
     gc11                                       56D       2       2       4   MY_EXTENDED_RAM
     gc12                                       56F       2       2       4   MY_EXTENDED_RAM
     gc21                                       571       2       2       4   MY_EXTENDED_RAM
     gc22                                       573       2       2       4   MY_EXTENDED_RAM
     gc31                                       575       2       2       4   MY_EXTENDED_RAM
     gc32                                       577       2       2       5   MY_EXTENDED_RAM
     gens1_coal                                 579       1       1       4   MY_EXTENDED_RAM
     gens2_coal                                 57A       1       1       4   MY_EXTENDED_RAM
     gens3_coal                                 57B       1       1       4   MY_EXTENDED_RAM
     on_off                                     57C       1       1      21   MY_EXTENDED_RAM
     num                                        57D       3       3      21   MY_EXTENDED_RAM
     coalfill_f                                 580       1       1       4   MY_EXTENDED_RAM
     pow                                        581       3       3       6   MY_EXTENDED_RAM
     blink_flag                                 584       1       1       3   MY_EXTENDED_RAM
     pass                                       585      10      16      45   MY_EXTENDED_RAM
     passv                                      595      10      16      27   MY_EXTENDED_RAM
     passv2                                     5A5      10      16      28   MY_EXTENDED_RAM
     cursor                                     5B5       2       2      69   MY_EXTENDED_RAM
     stepper_r                                  5B7       1       1      11   MY_EXTENDED_RAM
     stepper_s                                  5B8       1       1       4   MY_EXTENDED_RAM
- LABELS:
     __SEG_END_SSTACK                           500       0       0       1               
     port_t                                     240       0       0      19   .text       
     port_s                                     248       0       0       3   .text       
     port_p                                     258       0       0       2   .text       
     port_u                                     268       0       0       2   .text       
MODULE:                 -- lcddisp.c.o --
- PROCEDURES:
     delay_ms                                  C28E      17      23       5   NON_BANKED  
     init_LCD                                  C2A5      52      82       1   NON_BANKED  
     display_string                            C2F7      38      56      32   NON_BANKED  
     Delay                                     C32F      1F      31       1   NON_BANKED  
     epulse                                    C34E      24      36       3   NON_BANKED  
     sendCommand                               C372       F      15       7   NON_BANKED  
- VARIABLES:
     data                                       500       2       2       4   .bss        
MODULE:                 -- mc9s12e128.c.o --
- PROCEDURES:
- VARIABLES:
     _PORTE                                       8       1       1       0   .abs_section_8
     _DDRE                                        9       1       1       0   .abs_section_9
     _PEAR                                        A       1       1       0   .abs_section_a
     _MODE                                        B       1       1       0   .abs_section_b
     _PUCR                                        C       1       1       0   .abs_section_c
     _RDRIV                                       D       1       1       0   .abs_section_d
     _EBICTL                                      E       1       1       0   .abs_section_e
     _INITRM                                     10       1       1       0   .abs_section_10
     _INITRG                                     11       1       1       0   .abs_section_11
     _MISC                                       13       1       1       0   .abs_section_13
     _ITCR                                       15       1       1       0   .abs_section_15
     _ITEST                                      16       1       1       0   .abs_section_16
     _VREGCTRL                                   19       1       1       0   .abs_section_19
     _MEMSIZ0                                    1C       1       1       0   .abs_section_1c
     _MEMSIZ1                                    1D       1       1       0   .abs_section_1d
     _INTCR                                      1E       1       1       0   .abs_section_1e
     _HPRIO                                      1F       1       1       0   .abs_section_1f
     _DBGC1                                      20       1       1       0   .abs_section_20
     _DBGSC                                      21       1       1       0   .abs_section_21
     _DBGCNT                                     24       1       1       0   .abs_section_24
     _DBGCCX                                     25       1       1       0   .abs_section_25
     _DBGC2                                      28       1       1       0   .abs_section_28
     _DBGC3                                      29       1       1       0   .abs_section_29
     _DBGCAX                                     2A       1       1       0   .abs_section_2a
     _DBGCBX                                     2D       1       1       0   .abs_section_2d
     _PPAGE                                      30       1       1       0   .abs_section_30
     _PORTK                                      32       1       1       0   .abs_section_32
     _DDRK                                       33       1       1       0   .abs_section_33
     _SYNR                                       34       1       1       0   .abs_section_34
     _REFDV                                      35       1       1       0   .abs_section_35
     _CRGFLG                                     37       1       1       0   .abs_section_37
     _CRGINT                                     38       1       1       0   .abs_section_38
     _CLKSEL                                     39       1       1       0   .abs_section_39
     _PLLCTL                                     3A       1       1       0   .abs_section_3a
     _RTICTL                                     3B       1       1       0   .abs_section_3b
     _COPCTL                                     3C       1       1       0   .abs_section_3c
     _ARMCOP                                     3F       1       1       0   .abs_section_3f
     _TIM0_TIOS                                  40       1       1       0   .abs_section_40
     _TIM0_CFORC                                 41       1       1       0   .abs_section_41
     _TIM0_OC7M                                  42       1       1       0   .abs_section_42
     _TIM0_OC7D                                  43       1       1       0   .abs_section_43
     _TIM0_TSCR1                                 46       1       1       0   .abs_section_46
     _TIM0_TTOV                                  47       1       1       0   .abs_section_47
     _TIM0_TCTL1                                 48       1       1       0   .abs_section_48
     _TIM0_TCTL3                                 4A       1       1       0   .abs_section_4a
     _TIM0_TIE                                   4C       1       1       0   .abs_section_4c
     _TIM0_TSCR2                                 4D       1       1       0   .abs_section_4d
     _TIM0_TFLG1                                 4E       1       1       0   .abs_section_4e
     _TIM0_TFLG2                                 4F       1       1       0   .abs_section_4f
     _TIM0_PACTL                                 60       1       1       0   .abs_section_60
     _TIM0_PAFLG                                 61       1       1       0   .abs_section_61
     _ATDSTAT0                                   86       1       1       1   .abs_section_86
     _ATDTEST1                                   89       1       1       0   .abs_section_89
     _ATDSTAT2                                   8A       1       1       0   .abs_section_8a
     _ATDSTAT1                                   8B       1       1       0   .abs_section_8b
     _PORTAD0                                    8E       1       1       0   .abs_section_8e
     _PORTAD1                                    8F       1       1       0   .abs_section_8f
     _SCI0CR1                                    CA       1       1       0   .abs_section_ca
     _SCI0CR2                                    CB       1       1       0   .abs_section_cb
     _SCI0SR1                                    CC       1       1       0   .abs_section_cc
     _SCI0SR2                                    CD       1       1       0   .abs_section_cd
     _SCI0DRH                                    CE       1       1       0   .abs_section_ce
     _SCI0DRL                                    CF       1       1       0   .abs_section_cf
     _SCI1CR1                                    D2       1       1       0   .abs_section_d2
     _SCI1CR2                                    D3       1       1       0   .abs_section_d3
     _SCI1SR1                                    D4       1       1       0   .abs_section_d4
     _SCI1SR2                                    D5       1       1       0   .abs_section_d5
     _SCI1DRH                                    D6       1       1       0   .abs_section_d6
     _SCI1DRL                                    D7       1       1       0   .abs_section_d7
     _SPICR1                                     D8       1       1       0   .abs_section_d8
     _SPICR2                                     D9       1       1       0   .abs_section_d9
     _SPIBR                                      DA       1       1       0   .abs_section_da
     _SPISR                                      DB       1       1       0   .abs_section_db
     _SPIDR                                      DD       1       1       0   .abs_section_dd
     _IBAD                                       E0       1       1       0   .abs_section_e0
     _IBFD                                       E1       1       1       0   .abs_section_e1
     _IBCR                                       E2       1       1       0   .abs_section_e2
     _IBSR                                       E3       1       1       0   .abs_section_e3
     _IBDR                                       E4       1       1       0   .abs_section_e4
     _SCI2CR1                                    EA       1       1       0   .abs_section_ea
     _SCI2CR2                                    EB       1       1       0   .abs_section_eb
     _SCI2SR1                                    EC       1       1       0   .abs_section_ec
     _SCI2SR2                                    ED       1       1       0   .abs_section_ed
     _SCI2DRH                                    EE       1       1       0   .abs_section_ee
     _SCI2DRL                                    EF       1       1       0   .abs_section_ef
     _DAC0_DACC0                                 F0       1       1       0   .abs_section_f0
     _DAC0_DACDLeft                              F2       1       1       0   .abs_section_f2
     _DAC0_DACDRight                             F3       1       1       0   .abs_section_f3
     _DAC1_DACC0                                 F4       1       1       0   .abs_section_f4
     _DAC1_DACDLeft                              F6       1       1       0   .abs_section_f6
     _DAC1_DACDRight                             F7       1       1       0   .abs_section_f7
     _FCLKDIV                                   100       1       1       0   .abs_section_100
     _FSEC                                      101       1       1       0   .abs_section_101
     _FCNFG                                     103       1       1       0   .abs_section_103
     _FPROT                                     104       1       1       0   .abs_section_104
     _FSTAT                                     105       1       1       0   .abs_section_105
     _FCMD                                      106       1       1       0   .abs_section_106
     _TIM1_TIOS                                 140       1       1       0   .abs_section_140
     _TIM1_CFORC                                141       1       1       0   .abs_section_141
     _TIM1_OC7M                                 142       1       1       0   .abs_section_142
     _TIM1_OC7D                                 143       1       1       0   .abs_section_143
     _TIM1_TSCR1                                146       1       1       0   .abs_section_146
     _TIM1_TTOV                                 147       1       1       0   .abs_section_147
     _TIM1_TCTL1                                148       1       1       0   .abs_section_148
     _TIM1_TCTL3                                14A       1       1       0   .abs_section_14a
     _TIM1_TIE                                  14C       1       1       0   .abs_section_14c
     _TIM1_TSCR2                                14D       1       1       0   .abs_section_14d
     _TIM1_TFLG1                                14E       1       1       0   .abs_section_14e
     _TIM1_TFLG2                                14F       1       1       0   .abs_section_14f
     _TIM1_PACTL                                160       1       1       0   .abs_section_160
     _TIM1_PAFLG                                161       1       1       0   .abs_section_161
     _TIM2_TIOS                                 180       1       1       0   .abs_section_180
     _TIM2_CFORC                                181       1       1       0   .abs_section_181
     _TIM2_OC7M                                 182       1       1       0   .abs_section_182
     _TIM2_OC7D                                 183       1       1       0   .abs_section_183
     _TIM2_TSCR1                                186       1       1       0   .abs_section_186
     _TIM2_TTOV                                 187       1       1       0   .abs_section_187
     _TIM2_TCTL1                                188       1       1       0   .abs_section_188
     _TIM2_TCTL3                                18A       1       1       0   .abs_section_18a
     _TIM2_TIE                                  18C       1       1       0   .abs_section_18c
     _TIM2_TSCR2                                18D       1       1       0   .abs_section_18d
     _TIM2_TFLG1                                18E       1       1       0   .abs_section_18e
     _TIM2_TFLG2                                18F       1       1       0   .abs_section_18f
     _TIM2_PACTL                                1A0       1       1       0   .abs_section_1a0
     _TIM2_PAFLG                                1A1       1       1       0   .abs_section_1a1
     _PWME                                      1E0       1       1       0   .abs_section_1e0
     _PWMPOL                                    1E1       1       1       0   .abs_section_1e1
     _PWMCLK                                    1E2       1       1       0   .abs_section_1e2
     _PWMPRCLK                                  1E3       1       1       0   .abs_section_1e3
     _PWMCAE                                    1E4       1       1       0   .abs_section_1e4
     _PWMCTL                                    1E5       1       1       0   .abs_section_1e5
     _PWMSCLA                                   1E8       1       1       0   .abs_section_1e8
     _PWMSCLB                                   1E9       1       1       0   .abs_section_1e9
     _PWMSDN                                    1FE       1       1       0   .abs_section_1fe
     _PMFCFG0                                   200       1       1       0   .abs_section_200
     _PMFCFG1                                   201       1       1       0   .abs_section_201
     _PMFCFG2                                   202       1       1       0   .abs_section_202
     _PMFCFG3                                   203       1       1       0   .abs_section_203
     _PMFFCTL                                   204       1       1       0   .abs_section_204
     _PMFFPIN                                   205       1       1       0   .abs_section_205
     _PMFFSTA                                   206       1       1       0   .abs_section_206
     _PMFQSMP                                   207       1       1       0   .abs_section_207
     _PMFDMPA                                   208       1       1       0   .abs_section_208
     _PMFDMPB                                   209       1       1       0   .abs_section_209
     _PMFDMPC                                   20A       1       1       0   .abs_section_20a
     _PMFOUTC                                   20C       1       1       0   .abs_section_20c
     _PMFOUTB                                   20D       1       1       0   .abs_section_20d
     _PMFDTMS                                   20E       1       1       0   .abs_section_20e
     _PMFCCTL                                   20F       1       1       0   .abs_section_20f
     _PMFENCA                                   220       1       1       0   .abs_section_220
     _PMFFQCA                                   221       1       1       0   .abs_section_221
     _PMFENCB                                   228       1       1       0   .abs_section_228
     _PMFFQCB                                   229       1       1       0   .abs_section_229
     _PMFENCC                                   230       1       1       0   .abs_section_230
     _PMFFQCC                                   231       1       1       0   .abs_section_231
     _PTT                                       240       1       1       2   .abs_section_240
     _PTIT                                      241       1       1       0   .abs_section_241
     _DDRT                                      242       1       1       0   .abs_section_242
     _RDRT                                      243       1       1       0   .abs_section_243
     _PERT                                      244       1       1       0   .abs_section_244
     _PPST                                      245       1       1       0   .abs_section_245
     _PTS                                       248       1       1       0   .abs_section_248
     _PTIS                                      249       1       1       0   .abs_section_249
     _DDRS                                      24A       1       1       0   .abs_section_24a
     _RDRS                                      24B       1       1       0   .abs_section_24b
     _PERS                                      24C       1       1       0   .abs_section_24c
     _PPSS                                      24D       1       1       0   .abs_section_24d
     _WOMS                                      24E       1       1       0   .abs_section_24e
     _PTM                                       250       1       1       5   .abs_section_250
     _PTIM                                      251       1       1       0   .abs_section_251
     _DDRM                                      252       1       1       1   .abs_section_252
     _RDRM                                      253       1       1       0   .abs_section_253
     _PERM                                      254       1       1       0   .abs_section_254
     _PPSM                                      255       1       1       0   .abs_section_255
     _WOMM                                      256       1       1       0   .abs_section_256
     _PTP                                       258       1       1       0   .abs_section_258
     _PTIP                                      259       1       1       0   .abs_section_259
     _DDRP                                      25A       1       1       0   .abs_section_25a
     _RDRP                                      25B       1       1       0   .abs_section_25b
     _PERP                                      25C       1       1       0   .abs_section_25c
     _PPSP                                      25D       1       1       0   .abs_section_25d
     _PTQ                                       260       1       1       0   .abs_section_260
     _PTIQ                                      261       1       1       0   .abs_section_261
     _DDRQ                                      262       1       1       0   .abs_section_262
     _RDRQ                                      263       1       1       0   .abs_section_263
     _PERQ                                      264       1       1       0   .abs_section_264
     _PPSQ                                      265       1       1       0   .abs_section_265
     _PTU                                       268       1       1       0   .abs_section_268
     _PTIU                                      269       1       1       0   .abs_section_269
     _DDRU                                      26A       1       1       0   .abs_section_26a
     _RDRU                                      26B       1       1       0   .abs_section_26b
     _PERU                                      26C       1       1       0   .abs_section_26c
     _PPSU                                      26D       1       1       0   .abs_section_26d
     _MODRR                                     26E       1       1       0   .abs_section_26e
     _PORTAB                                      0       2       2       0   .abs_section_0
     _DDRAB                                       2       2       2       0   .abs_section_2
     _PARTID                                     1A       2       2       0   .abs_section_1a
     _DBGTB                                      22       2       2       0   .abs_section_22
     _DBGCC                                      26       2       2       0   .abs_section_26
     _DBGCA                                      2B       2       2       0   .abs_section_2b
     _DBGCB                                      2E       2       2       0   .abs_section_2e
     _TIM0_TCNT                                  44       2       2       0   .abs_section_44
     _TIM0_TC4                                   58       2       2       0   .abs_section_58
     _TIM0_TC5                                   5A       2       2       0   .abs_section_5a
     _TIM0_TC6                                   5C       2       2       0   .abs_section_5c
     _TIM0_TC7                                   5E       2       2       0   .abs_section_5e
     _TIM0_PACNT                                 62       2       2       0   .abs_section_62
     _ATDCTL23                                   82       2       2       1   .abs_section_82
     _ATDCTL45                                   84       2       2       1   .abs_section_84
     _ATDDIEN                                    8C       2       2       0   .abs_section_8c
     _ATDDR0                                     90       2       2       1   .abs_section_90
     _ATDDR1                                     92       2       2       0   .abs_section_92
     _ATDDR2                                     94       2       2       0   .abs_section_94
     _ATDDR3                                     96       2       2       0   .abs_section_96
     _ATDDR4                                     98       2       2       0   .abs_section_98
     _ATDDR5                                     9A       2       2       0   .abs_section_9a
     _ATDDR6                                     9C       2       2       0   .abs_section_9c
     _ATDDR7                                     9E       2       2       0   .abs_section_9e
     _ATDDR8                                     A0       2       2       0   .abs_section_a0
     _ATDDR9                                     A2       2       2       0   .abs_section_a2
     _ATDDR10                                    A4       2       2       0   .abs_section_a4
     _ATDDR11                                    A6       2       2       0   .abs_section_a6
     _ATDDR12                                    A8       2       2       0   .abs_section_a8
     _ATDDR13                                    AA       2       2       0   .abs_section_aa
     _ATDDR14                                    AC       2       2       0   .abs_section_ac
     _ATDDR15                                    AE       2       2       0   .abs_section_ae
     _SCI0BD                                     C8       2       2       0   .abs_section_c8
     _SCI1BD                                     D0       2       2       0   .abs_section_d0
     _SCI2BD                                     E8       2       2       0   .abs_section_e8
     _TIM1_TCNT                                 144       2       2       0   .abs_section_144
     _TIM1_TC4                                  158       2       2       0   .abs_section_158
     _TIM1_TC5                                  15A       2       2       0   .abs_section_15a
     _TIM1_TC6                                  15C       2       2       0   .abs_section_15c
     _TIM1_TC7                                  15E       2       2       0   .abs_section_15e
     _TIM1_PACNT                                162       2       2       0   .abs_section_162
     _TIM2_TCNT                                 184       2       2       0   .abs_section_184
     _TIM2_TC4                                  198       2       2       0   .abs_section_198
     _TIM2_TC5                                  19A       2       2       0   .abs_section_19a
     _TIM2_TC6                                  19C       2       2       0   .abs_section_19c
     _TIM2_TC7                                  19E       2       2       0   .abs_section_19e
     _TIM2_PACNT                                1A2       2       2       0   .abs_section_1a2
     _PWMCNT01                                  1EC       2       2       0   .abs_section_1ec
     _PWMCNT23                                  1EE       2       2       0   .abs_section_1ee
     _PWMCNT45                                  1F0       2       2       0   .abs_section_1f0
     _PWMPER01                                  1F2       2       2       0   .abs_section_1f2
     _PWMPER23                                  1F4       2       2       0   .abs_section_1f4
     _PWMPER45                                  1F6       2       2       0   .abs_section_1f6
     _PWMDTY01                                  1F8       2       2       0   .abs_section_1f8
     _PWMDTY23                                  1FA       2       2       0   .abs_section_1fa
     _PWMDTY45                                  1FC       2       2       0   .abs_section_1fc
     _PMFVAL0                                   210       2       2       0   .abs_section_210
     _PMFVAL1                                   212       2       2       0   .abs_section_212
     _PMFVAL2                                   214       2       2       0   .abs_section_214
     _PMFVAL3                                   216       2       2       0   .abs_section_216
     _PMFVAL4                                   218       2       2       0   .abs_section_218
     _PMFVAL5                                   21A       2       2       0   .abs_section_21a
     _PMFCNTA                                   222       2       2       0   .abs_section_222
     _PMFMODA                                   224       2       2       0   .abs_section_224
     _PMFDTMA                                   226       2       2       0   .abs_section_226
     _PMFCNTB                                   22A       2       2       0   .abs_section_22a
     _PMFMODB                                   22C       2       2       0   .abs_section_22c
     _PMFDTMB                                   22E       2       2       0   .abs_section_22e
     _PMFCNTC                                   232       2       2       0   .abs_section_232
     _PMFMODC                                   234       2       2       0   .abs_section_234
     _PMFDTMC                                   236       2       2       0   .abs_section_236
     _PTAD                                      270       2       2       4   .abs_section_270
     _PTIAD                                     272       2       2       0   .abs_section_272
     _DDRAD                                     274       2       2       1   .abs_section_274
     _RDRAD                                     276       2       2       0   .abs_section_276
     _PERAD                                     278       2       2       0   .abs_section_278
     _PPSAD                                     27A       2       2       0   .abs_section_27a
     _PIEAD                                     27C       2       2       0   .abs_section_27c
     _PIFAD                                     27E       2       2       0   .abs_section_27e
MODULE:                 -- potentiometer.c.o --
- PROCEDURES:
     read_pot                                  C381      18      24       1   NON_BANKED  
- VARIABLES:
     pot_value                                  5CB       2       2       2   .common     
MODULE:                 -- SendsChr.c.o --
- PROCEDURES:
     SendsChr                                  C399       8       8       2   NON_BANKED  
     PlayTone                                  C3A1      1A      26       1   NON_BANKED  
- VARIABLES:
     tone                                       502       2       2       2   .bss        
     tone_count                                 504       2       2       4   .bss        
MODULE:                 -- strings.asm.o --
- PROCEDURES:
     Startup_1                                 C3D8      A6     166       1   StringCode  
     Startup_2                                 C47E      A6     166       1   StringCode  
     date_str                                  C524      B2     178       3   StringCode  
     admin_u                                   C5D6      B6     182       2   StringCode  
     menu_str                                  C68C      9C     156       1   StringCode  
     PW_String                                 C728      B6     182       2   StringCode  
     PW_Verify_String                          C7DE      B6     182       2   StringCode  
     re_enter                                  C894      A6     166       1   StringCode  
     accepted                                  C93A      A6     166       1   StringCode  
     GenSelStr                                 C9E0      B2     178       1   StringCode  
     re_admin_u                                CA92      A6     166       1   StringCode  
     match_a                                   CB38      AB     171       1   StringCode  
     admin_u2                                  CBE3      B6     182       1   StringCode  
     match_p                                   CC99      A6     166       1   StringCode  
     Fill_Error1                               CD3F      A6     166       1   StringCode  
     Fill_Error2                               CDE5      A6     166       1   StringCode  
     Fill_Error3                               CE8B      A6     166       1   StringCode  
     generator                                 CF31      A7     167       1   StringCode  
     generators3                               CFD8      A9     169       1   StringCode  
     gens_off                                  D081      A6     166       1   StringCode  
     generators2                               D127      A8     168       1   StringCode  
     c_menu_str                                D1CF      A6     166       1   StringCode  
     chng_pass_str                             D275      B6     182       2   StringCode  
     Pass_changed                              D32B      A6     166       1   StringCode  
     PW_Verify_String2                         D3D1      B6     182       2   StringCode  
- VARIABLES:
MODULE:                 -- interrupt.asm.o --
- PROCEDURES:
     RTI_ISR                                   D487      16      22       0   My_code     
     count                                     D49D       E      14       0   My_code     
     count_y                                   D4AB       E      14       0   My_code     
     leave_control_menu                        D4B9       E      14       0   My_code     
     skip                                      D4C7      21      33       0   My_code     
     MIDDLE                                    D4E8       8       8       0   My_code     
     DONE_COAL                                 D4F0       8       8       0   My_code     
     DONE_SOUND                                D4F8       A      10       0   My_code     
     DONE_STEPPER                              D502       2       2       0   My_code     
     Blink_label                               D504      12      18       0   My_code     
     EM_SOUNDc                                 D516       3       3       0   My_code     
     exit_start_ISR                            D519       7       7       0   My_code     
     exit_ISR                                  D520       4       4       0   My_code     
- VARIABLES:
     start_c                                    5B9       2       2       6   MY_EXTENDED_RAM
     sound_c                                    5BB       2       2       6   MY_EXTENDED_RAM
     stepper_c                                  5BD       2       2      11   MY_EXTENDED_RAM
     stepper_it                                 5BF       1       1       7   MY_EXTENDED_RAM
     stepper_num                                5C0       2       2       5   MY_EXTENDED_RAM
MODULE:                 -- date.asm.o --
- PROCEDURES:
     Date_Start                                D524      32      50       1   Highlight_section
     I_num                                     D556      12      18       0   Highlight_section
     D_num                                     D568      12      18       0   Highlight_section
     R_num                                     D57A       E      14       0   Highlight_section
     L_num                                     D588       E      14       0   Highlight_section
     F_key                                     D596       7       7       0   Highlight_section
     n_res_high                                D59D       A      10       0   Highlight_section
     n_res_low                                 D5A7       A      10       0   Highlight_section
     l_res                                     D5B1       8       8       0   Highlight_section
     r_res                                     D5B9       8       8       0   Highlight_section
     DONE                                      D5C1      10      16       0   Highlight_section
     skip                                      D5D1       4       4       0   Highlight_section
- VARIABLES:
MODULE:                 -- time.asm.o --
- PROCEDURES:
     Time_Start                                D5D5      20      32       1   Highlight_section
     I_num                                     D5F5      1C      28       0   Highlight_section
     T_Comp                                    D611       B      11       0   Highlight_section
     D_num                                     D61C      12      18       0   Highlight_section
     R_num                                     D62E       E      14       0   Highlight_section
     L_num                                     D63C       E      14       0   Highlight_section
     F_key                                     D64A       7       7       0   Highlight_section
     n_res_high                                D651       A      10       0   Highlight_section
     n_res_low                                 D65B       A      10       0   Highlight_section
     l_res                                     D665       8       8       0   Highlight_section
     r_res                                     D66D       8       8       0   Highlight_section
     DONE                                      D675      10      16       0   Highlight_section
     skip                                      D685       4       4       0   Highlight_section
- VARIABLES:
     prev_val                                   5C2       1       1       1   MY_EXTENDED_RAM
MODULE:                 -- debounce.asm.o --
- PROCEDURES:
     delay1ms                                  D720       4       4       1   debounce.asm._SEC000000
     loop                                      D724       5       5       0   debounce.asm._SEC000000
- VARIABLES:
MODULE:                 -- keypad_input.asm.o --
- PROCEDURES:
     scan                                      D729       3       3       9   KEY         
     rescan                                    D72C      36      54       0   KEY         
     A_key                                     D762       8       8       0   KEY         
     B_key                                     D76A       8       8       0   KEY         
     up                                        D772       8       8       0   KEY         
     right                                     D77A       8       8       0   KEY         
     down                                      D782       8       8       0   KEY         
     left                                      D78A       A      10       0   KEY         
     prompt                                    D794       8       8       0   KEY         
     erase                                     D79C       8       8       0   KEY         
     NCommand                                  D7A4       B      11       0   KEY         
     leave                                     D7AF       2       2       0   KEY         
- VARIABLES:
     clearv                                     5C3       1       1       6   MY_EXTENDED_RAM
MODULE:                 -- sound.asm.o --
- PROCEDURES:
     Song_Start                                D7B1       7       7       3   MY_SONG     
     Door_Song                                 D7B8      2B      43       2   MY_SONG     
     EM_Song                                   D7E3      2B      43       1   MY_SONG     
     DONE                                      D80E       1       1       0   MY_SONG     
- VARIABLES:
     song1                                     C3C1       F      15       1   MY_EXTENDED_ROM
     song2                                     C3D0       3       3       1   MY_EXTENDED_ROM
     place                                      5C4       2       2       5   MY_EXTENDED_RAM
     sound_rdy                                  5C6       1       1       7   MY_EXTENDED_RAM
MODULE:                 -- Control_Menu.asm.o --
- PROCEDURES:
     GenSel                                    D689      1D      29       1   Highlight_section
     R_num                                     D6A6       E      14       0   Highlight_section
     L_num                                     D6B4       E      14       0   Highlight_section
     PB                                        D6C2       5       5       0   Highlight_section
     l_res                                     D6C7       8       8       0   Highlight_section
     r_res                                     D6CF       8       8       0   Highlight_section
     SEL                                       D6D7       C      12       0   Highlight_section
     Sel0                                      D6E3      11      17       0   Highlight_section
     Sel1                                      D6F4      11      17       0   Highlight_section
     Sel2                                      D705      11      17       0   Highlight_section
     DONE                                      D716       A      10       0   Highlight_section
- VARIABLES:
MODULE:                 -- Functions.asm.o --
- PROCEDURES:
     Date_Change                               D80F      24      36       2   Functions.asm._SEC000000
     skip_date_change                          D833       A      10       0   Functions.asm._SEC000000
     Time_Change                               D83D      24      36       2   Functions.asm._SEC000000
     skip_time_change                          D861       A      10       0   Functions.asm._SEC000000
     SONG_TIME_START                           D86B       3       3       0   Functions.asm._SEC000000
     Song                                      D86E       5       5       0   Functions.asm._SEC000000
     MENU                                      D873      14      20       1   Functions.asm._SEC000000
     g2b                                       D887       6       6       0   Functions.asm._SEC000000
     g3b                                       D88D       6       6       0   Functions.asm._SEC000000
     gd                                        D893      3F      63       0   Functions.asm._SEC000000
     tryagain                                  D8D2      13      19       0   Functions.asm._SEC000000
     move_on                                   D8E5      14      20       0   Functions.asm._SEC000000
     Cont_Men                                  D8F9      2E      46       1   Functions.asm._SEC000000
     pass_screen                               D927      1A      26       0   Functions.asm._SEC000000
     time_screen                               D941      30      48       0   Functions.asm._SEC000000
     skip                                      D971       5       5       0   Functions.asm._SEC000000
     leave                                     D976       F      15       0   Functions.asm._SEC000000
     CoalFiller                                D985       8       8       1   Functions.asm._SEC000000
     CoalFiller2                               D98D       4       4       0   Functions.asm._SEC000000
- VARIABLES:
MODULE:                 -- PassWord.asm.o --
- PROCEDURES:
     Password_start                            D991      24      36       1   PassWord.asm._SEC000000
     erase                                     D9B5       7       7       0   PassWord.asm._SEC000000
     inc_alph                                  D9BC       F      15       0   PassWord.asm._SEC000000
     skip                                      D9CB      10      16       0   PassWord.asm._SEC000000
     R_curs                                    D9DB      11      17       0   PassWord.asm._SEC000000
     boundary1                                 D9EC       8       8       0   PassWord.asm._SEC000000
     dec_alph                                  D9F4       F      15       0   PassWord.asm._SEC000000
     skip2                                     DA03      10      16       0   PassWord.asm._SEC000000
     L_curs                                    DA13      11      17       0   PassWord.asm._SEC000000
     boundary2                                 DA24       8       8       0   PassWord.asm._SEC000000
     F_key                                     DA2C       5       5       0   PassWord.asm._SEC000000
     leave                                     DA31       8       8       0   PassWord.asm._SEC000000
- VARIABLES:
MODULE:                 -- PassWordVerify.asm.o --
- PROCEDURES:
     Password_verify                           DA39      24      36       1   PassWordVerify.asm._SEC000000
     erase                                     DA5D       7       7       0   PassWordVerify.asm._SEC000000
     inc_alph                                  DA64       F      15       0   PassWordVerify.asm._SEC000000
     skip                                      DA73      10      16       0   PassWordVerify.asm._SEC000000
     R_curs                                    DA83      11      17       0   PassWordVerify.asm._SEC000000
     boundary1                                 DA94       8       8       0   PassWordVerify.asm._SEC000000
     dec_alph                                  DA9C       F      15       0   PassWordVerify.asm._SEC000000
     skip2                                     DAAB      10      16       0   PassWordVerify.asm._SEC000000
     L_curs                                    DABB      11      17       0   PassWordVerify.asm._SEC000000
     boundary2                                 DACC       8       8       0   PassWordVerify.asm._SEC000000
     F_key                                     DAD4       5       5       0   PassWordVerify.asm._SEC000000
     leave                                     DAD9       B      11       0   PassWordVerify.asm._SEC000000
- VARIABLES:
MODULE:                 -- User_name.asm.o --
- PROCEDURES:
     Username_start                            DAE4      24      36       1   User_name.asm._SEC000000
     erase                                     DB08       7       7       0   User_name.asm._SEC000000
     inc_alph                                  DB0F       F      15       0   User_name.asm._SEC000000
     skip                                      DB1E      10      16       0   User_name.asm._SEC000000
     R_curs                                    DB2E      11      17       0   User_name.asm._SEC000000
     boundary1                                 DB3F       8       8       0   User_name.asm._SEC000000
[...]
     boundary2                                 E399       8       8       0   PassWordVerify2.asm._SEC000000
     F_key                                     E3A1       5       5       0   PassWordVerify2.asm._SEC000000
     leave                                     E3A6       8       8       0   PassWordVerify2.asm._SEC000000
     user_chng2                                E3AE      20      32       1   Create_Username2.asm._SEC000000
     Change_pass                               E3CE       6       6       1   Change_Password.asm._SEC000000
     no_match                                  E3D4       3       3       0   Change_Password.asm._SEC000000
     skip                                      E3D7      34      52       0   Change_Password.asm._SEC000000
     leave                                     E40B       2       2       0   Change_Password.asm._SEC000000
     Home_generators                           E40D       9       9       1   LED.asm._SEC000000
     Not_home                                  E416       7       7       1   LED.asm._SEC000000
     Switch_Blink                              E41D       6       6       0   LED.asm._SEC000000
     back                                      E423       6       6       0   LED.asm._SEC000000
     loop                                      E429       7       7       0   LED.asm._SEC000000
     loop2                                     E430       9       9       0   LED.asm._SEC000000

*********************************************************************************************
UNUSED-OBJECTS SECTION
---------------------------------------------------------------------------------------------
NOT USED VARIABLES
date.asm.o:
  numbers 
time.asm.o:
  numbers 
Control_Menu.asm.o:
  numbers 

*********************************************************************************************
COPYDOWN SECTION
---------------------------------------------------------------------------------------------

*********************************************************************************************
OBJECT-DEPENDENCIES SECTION
---------------------------------------------------------------------------------------------
Entry                     USES __SEG_END_SSTACK start_f sound_rdy enter_f 
                                command seloff tone_count gens1 gens2 gens3 sound_c 
                                start_c clearv cursor check flag em_v stepper_r 
                                stepper_c stepper_s gc11 gc21 gc31 gc12 gc22 gc32 
                                passflag homeflag gens1_coal gens2_coal gens3_coal num 
                                syst_set_f screen_sel LCD_timer1 LCD_timer2 go_home 
                                on_off blink_flag init_LCD 
date_res                  USES date 
time_res                  USES time 
name_res                  USES name start_c 
pass_res                  USES pass 
passv_res                 USES passv 
passv_res4                USES passv2 
name_resv                 USES namev 
gen_res                   USES num Startup_1 disp display_string 
SRTMSG1                   USES start_f Startup_2 disp display_string 
SRTMSG2                   USES start_f date_str disp display_string seloff 
                                Date_Change clearv Time_Change User_name user_chng 
                                Default_PW 
no_match                  USES Default_RE_PW 
skip                      USES PW_Creation Pass_wordV PW_Verify compare_PW 
                                equal_f prompt 
go_back                   USES go_home PotRead MENU loading_c_menu 
CONMEN                    USES Cont_Men coalfill_f Coal_S Fill_Coal_S 
                                Song_Start 
CONMEN2                   USES go_home 
FILL                      USES CoalFiller 
PW_Verify                 USES scan Password_verify PW_Verify_String disp 
                                display_string enter_f cursor 
PW_Verify2                USES scan Password_verify2 PW_Verify_String2 disp 
                                display_string go_home command 
reset_pass_passv2         USES control_reset 
skip3                     USES enter_f 
skip2                     USES enter_f cursor 
prompt                    USES accepted disp display_string start_f 
RSRTMSG2                  USES start_f 
init_LCD                  USES _DDRAD _PTAD _DDRM delay_ms _PTM data 
                                sendCommand epulse 
display_string            USES sendCommand data _PTAD epulse 
epulse                    USES data _PTM delay_ms 
sendCommand               USES data _PTAD epulse 
read_pot                  USES _ATDCTL23 Delay _ATDCTL45 _ATDSTAT0 _ATDDR0 
                                pot_value 
SendsChr                  USES tone 
PlayTone                  USES tone_count tone _PTT 
Startup_1                 USES disp 
Startup_2                 USES disp 
date_str                  USES date disp time 
admin_u                   USES disp name 
menu_str                  USES date disp time pow 
PW_String                 USES disp pass 
PW_Verify_String          USES disp passv 
re_enter                  USES disp 
accepted                  USES disp 
GenSelStr                 USES disp gens1 gens2 gens3 
re_admin_u                USES disp 
match_a                   USES disp 
admin_u2                  USES disp namev 
match_p                   USES disp 
Fill_Error1               USES disp 
Fill_Error2               USES disp 
Fill_Error3               USES disp 
generator                 USES disp num 
generators3               USES disp num 
gens_off                  USES disp 
generators2               USES disp num 
c_menu_str                USES disp 
chng_pass_str             USES disp pass 
Pass_changed              USES disp 
PW_Verify_String2         USES disp passv2 
RTI_ISR                   USES syst_set_f enter_f LCD_timer1 LCD_timer2 
count                     USES LCD_timer1 
count_y                   USES LCD_timer2 
leave_control_menu        USES LCD_timer1 LCD_timer2 go_home 
skip                      USES blink_flag em_v start_f start_c 
MIDDLE                    USES on_off Use_Coal 
DONE_COAL                 USES sound_rdy SOUND_RT 
DONE_SOUND                USES stepper_s Stepper 
Blink_label               USES start_c start_f 
EM_SOUNDc                 USES EM_SOUND 
exit_start_ISR            USES start_c 
Date_Start                USES command prev_val clearv 
I_num                     USES seloff date 
D_num                     USES seloff date 
R_num                     USES seloff 
L_num                     USES seloff 
F_key                     USES enter_f 
n_res_high                USES date 
n_res_low                 USES date 
l_res                     USES seloff 
r_res                     USES seloff 
DONE                      USES syst_set_f command prev_val 
Time_Start                USES command 
I_num                     USES seloff time 
T_Comp                    USES time 
D_num                     USES seloff time 
R_num                     USES seloff 
L_num                     USES seloff 
F_key                     USES enter_f 
n_res_high                USES time 
n_res_low                 USES time 
l_res                     USES seloff 
r_res                     USES seloff 
DONE                      USES syst_set_f command prev_val 
GenSel                    USES command port_p 
R_num                     USES seloff 
L_num                     USES seloff 
PB                        USES Push 
l_res                     USES seloff 
r_res                     USES seloff 
Sel0                      USES gens1 gens2 gens3 
Sel1                      USES gens2 gens1 gens3 
Sel2                      USES gens3 gens1 gens2 
DONE                      USES command prev_val 
delay1ms                  USES delay 
rescan                    USES port_u delay1ms 
A_key                     USES command 
B_key                     USES command 
up                        USES command 
right                     USES command 
down                      USES command 
left                      USES command 
prompt                    USES command 
erase                     USES command 
NCommand                  USES command clearv 
Song_Start                USES place 
Door_Song                 USES sound_rdy place song1 sound_c SendsChr 
EM_Song                   USES sound_rdy place song2 sound_c SendsChr 
Date_Change               USES scan Date_Start date_str disp display_string 
                                go_home command enter_f 
skip_date_change          USES enter_f seloff 
Time_Change               USES scan Time_Start date_str disp display_string 
                                go_home command enter_f 
skip_time_change          USES seloff enter_f 
SONG_TIME_START           USES Song_Start 
Song                      USES Door_Song 
MENU                      USES PotRead scan scan_switch Home_generators on_off 
g2b                       USES on_off 
g3b                       USES on_off 
gd                        USES PowScale pow menu_str disp display_string 
                                clearv command 
tryagain                  USES Default_PW PW_Creation compare_PW equal_f 
                                Default_RE_PW 
move_on                   USES Not_home enter_f switch_f 
Cont_Men                  USES go_home command syst_set_f scan_switch scan 
                                GenSel GenSelStr disp display_string 
pass_screen               USES command Change_pass go_home 
time_screen               USES command Date_Change go_home Time_Change 
skip                      USES enter_f 
leave                     USES seloff enter_f syst_set_f 
CoalFiller                USES stepper_r Fill_Coal 
CoalFiller2               USES Door_Song 
Password_start            USES command 
erase                     USES cursor 
inc_alph                  USES cursor pass 
skip                      USES pass 
R_curs                    USES cursor 
boundary1                 USES cursor 
dec_alph                  USES cursor pass 
skip2                     USES pass 
L_curs                    USES cursor 
boundary2                 USES cursor 
F_key                     USES enter_f 
leave                     USES pass 
Password_verify           USES command 
erase                     USES cursor 
inc_alph                  USES cursor passv 
skip                      USES passv 
R_curs                    USES cursor 
boundary1                 USES cursor 
dec_alph                  USES cursor passv 
skip2                     USES passv 
L_curs                    USES cursor 
boundary2                 USES cursor 
F_key                     USES enter_f 
leave                     USES passv command 
Username_start            USES command 
erase                     USES cursor 
inc_alph                  USES cursor name 
skip                      USES name 
R_curs                    USES cursor 
boundary1                 USES cursor 
dec_alph                  USES cursor name 
skip2                     USES name 
L_curs                    USES cursor 
boundary2                 USES cursor 
F_key                     USES enter_f 
leave                     USES name command 
PW_Creation               USES syst_set_f scan_switch switch_f 
skip5                     USES scan Password_start switch_f syst_set_f 
skip4                     USES PW_String 
Chng_PW_Str               USES chng_pass_str 
skip                      USES disp display_string go_home command 
reset_pass_passv2         USES control_reset 
skip2                     USES enter_f 
skip3                     USES enter_f cursor syst_set_f command 
user_chng                 USES scan Username_start admin_u disp display_string 
                                enter_f cursor 
Default_PW                USES PW_String disp display_string 
Default_RE_PW             USES re_enter disp display_string start_f 
RSRTMSG                   USES start_f 
Pass_wordV                USES PW_Verify_String disp display_string 
User_name                 USES admin_u disp display_string 
Default_RE_Ad             USES re_admin_u disp display_string start_f 
RSRTMSG2                  USES start_f 
User_name2                USES admin_u2 disp display_string 
loading                   USES match_p disp display_string start_f 
RSRTMSG3                  USES start_f 
loading_c_menu            USES c_menu_str disp display_string start_f 
RSRTMSG4                  USES start_f 
chng_pass_display         USES chng_pass_str disp display_string start_f 
SRTMSG1                   USES start_f 
password_changed_display  USES Pass_changed disp display_string start_f 
SRTMSG5                   USES start_f 
Pass_wordV2               USES PW_Verify_String2 disp display_string 
compare_PW                USES cursor 
compare_p                 USES pass passv 
notequal_p                USES equal_f cursor passflag 
passv_res2                USES passv 
pass_res2                 USES pass 
pass_res3                 USES pass passflag syst_set_f 
transfer                  USES passv2 passv 
passv_resv2               USES passv2 
compare_Admin             USES cursor 
compare_a                 USES name namev 
notequal_a                USES equal_f cursor 
namev_res2                USES namev 
name_res3                 USES namev 
compare_PW2               USES cursor 
compare_p2                USES pass passv2 
notequal_p2               USES equal_f cursor 
passv_res3                USES passv2 
pass_res4                 USES pass 
equal_p                   USES equal_f cursor 
equal_a                   USES equal_f cursor 
Re_Username               USES command 
erase                     USES cursor 
inc_alph                  USES cursor namev 
skip                      USES namev 
R_curs                    USES cursor 
boundary1                 USES cursor 
dec_alph                  USES cursor namev 
skip2                     USES namev 
L_curs                    USES cursor 
boundary2                 USES cursor 
F_key                     USES enter_f 
leave                     USES namev command 
loop                      USES check port_t flag 
gen0                      USES on_off 
gen123                    USES on_off 
gen12                     USES on_off 
gen13                     USES on_off 
gen23                     USES on_off 
gen1                      USES on_off 
gen2                      USES on_off 
gen3                      USES on_off 
change                    USES port_t check switch_f 
back2                     USES User_name2 
no_match_a                USES Default_RE_Ad 
skip2                     USES user_chng2 compare_Admin equal_f match_a disp 
                                display_string start_f 
RSRTMSG3                  USES start_f 
back                      USES Default_PW 
no_match_p                USES Default_RE_PW 
RSRTMSG4                  USES start_f 
skip                      USES PW_Creation compare_PW equal_f homeflag loading 
gen_displays              USES port_t 
display_gen               USES port_t num generator disp display_string 
                                start_f 
RSRTMSG5                  USES start_f 
display_gens3             USES port_t num 
display_gens5             USES num 
display_gens6             USES num 
display_gens7             USES num generators3 disp display_string start_f 
RSRTMSG6                  USES start_f 
skip4                     USES generators2 disp display_string start_f 
RSRTMSG8                  USES start_f 
no_gens                   USES gens_off disp display_string start_f 
RSRTMSG7                  USES start_f 
skip5                     USES num port_t choose 
leave                     USES check flag 
Emergency                 USES Song_Start em_v 
Push                      USES gens1 gens2 
Generator1                USES on_off coalfill_f 
Generator2                USES on_off coalfill_f 
Generator3                USES on_off coalfill_f 
warn1                     USES Fill_Error1 disp display_string start_f 
W1                        USES start_f 
warn2                     USES Fill_Error2 disp display_string start_f 
W2                        USES start_f 
warn3                     USES Fill_Error3 disp display_string start_f 
W3                        USES start_f 
PotRead                   USES read_pot pot_value PowScale 
Coal_S                    USES stepper_r stepper_s stepper_c stepper_num 
                                stepper_it 
Fill_Coal_S               USES array coal_place 
Fill_Coal                 USES coal_place port_p stepper_r stepper_s 
Use_Coal                  USES on_off gc11 PowScale 
Coal12                    USES gc12 gc11 gens1_coal 
c1zero                    USES gc12 
Coal2                     USES on_off gc21 PowScale 
Coal22                    USES gc22 gc21 gens2_coal 
c2zero                    USES gc22 
Coal3                     USES on_off gc31 PowScale 
Coal32                    USES gc32 gc31 gens3_coal 
c3zero                    USES gc32 
Stepper                   USES stepper_it stepper_num 
StepperS1                 USES stepper_r stepper_c stepper_num stepper_it 
StepperS2                 USES stepper_r stepper_c 
StepperS3                 USES stepper_r stepper_c stepper_num stepper_it 
EM_SOUND                  USES EM_Song 
SOUND_RT                  USES sound_c PlayTone 
done_sound                USES sound_rdy 
Password_verify2          USES command 
erase                     USES cursor 
inc_alph                  USES cursor passv2 
skip                      USES passv2 
R_curs                    USES cursor 
boundary1                 USES cursor 
dec_alph                  USES cursor passv2 
skip2                     USES passv2 
L_curs                    USES cursor 
boundary2                 USES cursor 
F_key                     USES enter_f 
leave                     USES passv2 
user_chng2                USES scan Re_Username User_name2 disp display_string 
                                enter_f cursor 
Change_pass               USES chng_pass_display 
no_match                  USES Default_RE_PW 
skip                      USES PW_Creation switch_f go_home command 
                                Pass_wordV2 PW_Verify2 compare_PW2 equal_f 
                                password_changed_display 
Home_generators           USES on_off port_s 
Not_home                  USES port_s 
Switch_Blink              USES blink_flag 
back                      USES on_off port_s 
loop                      USES start_f 
loop2                     USES start_f 

*********************************************************************************************
DEPENDENCY TREE
*********************************************************************************************
 Entry               
 | 
 +- init_LCD            
    | 
    +- delay_ms            
    |    
    +- sendCommand         
    |  | 
    |  +- epulse              
    |     | 
    |     +- delay_ms             (see above)
    |        
    +- epulse               (see above)
       
 RTI_ISR             
   
 Emergency           
 | 
 +- Song_Start          
      
*********************************************************************************************
STATISTIC SECTION
---------------------------------------------------------------------------------------------

ExeFile:
--------
Number of blocks to be downloaded: 23
Total size of all blocks to be downloaded: 9279

